============================================================================
| ACPYPE: AnteChamber PYthon Parser interfacE v. 2023.10.27 (c) 2026 AWSdS |
============================================================================
DEBUG: CLI: -i 2FM6_single.pdb -n 0 -c gas -a gaff2 -b MYC -f -o gmx
DEBUG: Python Version 3.10.20 (main, Mar 11 2026, 17:46:40) [GCC 14.3.0]
DEBUG: Max execution time tolerance is 3h
DEBUG: setResNameCheckCoords done
DEBUG: Net charge drift '0.000000'
==> ... charge set to 0
==> ... converting pdb input file to mol2 input file
DEBUG: /home/shumus/miniconda3/envs/mdenv/bin/obabel -ipdb 2FM6_single.pdb -omol2 -O MYC.mol2
==> * Babel OK *
==> Executing Antechamber...
DEBUG: /home/shumus/miniconda3/envs/mdenv/bin/antechamber -dr no -i MYC.mol2 -fi mol2 -o MYC_gas_gaff2.mol2 -fo mol2 -c gas -nc 0 -m 1 -s 2 -df 2 -at gaff2 -pf n 
DEBUG: No file left to be removed
==> * Antechamber OK *
DEBUG: /home/shumus/miniconda3/envs/mdenv/bin/parmchk2 -i MYC_gas_gaff2.mol2 -f mol2 -o MYC_AC.frcmod -s 2
==> * Parmchk OK *
DEBUG: No crd or prm files left to be removed
==> Executing Tleap...
DEBUG: /home/shumus/miniconda3/envs/mdenv/bin/tleap -f tleap.in
DEBUG: ++++++++++start_quote+++++++++++++++++++++++++++++++++++++++++++++++++++++++++++
DEBUG: Checking 'MYC'....
Checking parameters for unit 'MYC'.
Checking for bond parameters.
Checking for angle parameters.
Unit is OK.
DEBUG: ++++++++++end_quote+++++++++++++++++++++++++++++++++++++++++++++++++++++++++++++
==> * Tleap OK *
==> Removing temporary files...
DEBUG: prmtop and inpcrd files loaded
DEBUG: basename defined = 'MYC'
DEBUG: getCoords done
DEBUG: getABCOEFs done
DEBUG: charge to be balanced: total -0.0000090037
DEBUG: balanceCharges done
DEBUG: Balanced TotalCharge -0.0000000000
DEBUG: PBC = None
DEBUG: getAtoms done
DEBUG: getBonds done
DEBUG: getAngles done
DEBUG: getDihedrals done
==> Using OpenBabel v.3.1.0

==> Writing GROMACS files

==> Disambiguating lower and uppercase atomtypes in GMX top file, even if identical.

DEBUG: writing GRO file
DEBUG: Box size estimated
DEBUG: writing POSRE file
DEBUG: atomTypes 8
DEBUG: GMX atomtypes done
DEBUG: atoms 239
DEBUG: GMX atoms done
DEBUG: bonds 240
DEBUG: GMX bonds done
DEBUG: atomPairs 701
DEBUG: GMX pairs done
DEBUG: angles 479
DEBUG: GMX angles done
DEBUG: setProperDihedralsCoef done
DEBUG: properDihedralsCoefRB 725
DEBUG: properDihedralsAlphaGamma 0
DEBUG: properDihedralsGmx45 735
==> Writing GMX dihedrals for GMX 4.5 and higher.

DEBUG: GMX special proper dihedrals done
DEBUG: improperDihedrals 1
DEBUG: GMX improper dihedrals done
==> Writing pickle file MYC.pkl
==> Removing temporary files...
Total time of execution: 2s
DEBUG: No tmp folder left to be removed
